/usr/bin/pandoc +RTS -K512m -RTS README.md --to html4 --from markdown+autolink_bare_uris+tex_math_single_backslash --output index.html --lua-filter /home/travis/R/Library/rmarkdown/rmarkdown/lua/pagebreak.lua --lua-filter /home/travis/R/Library/rmarkdown/rmarkdown/lua/latex-div.lua --self-contained --variable bs3=TRUE --standalone --section-divs --template /home/travis/R/Library/rmarkdown/rmd/h/default.html --no-highlight --variable highlightjs=1 --variable theme=bootstrap --include-in-header /tmp/RtmpgVG1cd/rmarkdown-str40ad50574e78.html --mathjax --variable 'mathjax-url:https://mathjax.rstudio.com/latest/MathJax.js?config=TeX-AMS-MML_HTMLorMML' 
  |                                                                              |                                                                      |   0%  |                                                                              |..........                                                            |  14%
  ordinary text without R code

  |                                                                              |....................                                                  |  29%
label: setup (with options) 
List of 1
 $ include: logi FALSE

  |                                                                              |..............................                                        |  43%
  ordinary text without R code

  |                                                                              |........................................                              |  57%
label: unnamed-chunk-1
  |                                                                              |..................................................                    |  71%
  ordinary text without R code

  |                                                                              |............................................................          |  86%
label: unnamed-chunk-2
  |                                                                              |......................................................................| 100%
  ordinary text without R code


/usr/bin/pandoc +RTS -K512m -RTS test.knit.md --to html4 --from markdown+autolink_bare_uris+tex_math_single_backslash --output test.html --lua-filter /home/travis/R/Library/rmarkdown/rmarkdown/lua/pagebreak.lua --lua-filter /home/travis/R/Library/rmarkdown/rmarkdown/lua/latex-div.lua --self-contained --variable bs3=TRUE --standalone --section-divs --template /home/travis/R/Library/rmarkdown/rmd/h/default.html --no-highlight --variable highlightjs=1 --variable theme=bootstrap --include-in-header /tmp/RtmpgVG1cd/rmarkdown-str40ad464fd4c.html --mathjax --variable 'mathjax-url:https://mathjax.rstudio.com/latest/MathJax.js?config=TeX-AMS-MML_HTMLorMML' 
